ECHO RANDOM TESTS:

~ Â» bash --posix                         zsonie@z3r3p2
bash-5.1$ 'echo "asosoakd"lkasdlkasd'
bash: echo "asosoakd"lkasdlkasd: command not found
bash-5.1$ echo 'echo "asosoakd"lkasdlkasd'
echo "asosoakd"lkasdlkasd
bash-5.1$ echo ""'echo "asosoakd"lkasdlkasd'
echo "asosoakd"lkasdlkasd
bash-5.1$ echo "    "'echo "asosoakd"lkasdlkasd'
    echo "asosoakd"lkasdlkasd
bash-5.1$ echo "    "   yo    'echo "asosoakd"lkasdlkasd'
     yo echo "asosoakd"lkasdlkasd
bash-5.1$ echo "   s"   yo    'echo "asosoakd"lkasdlkasd'
   s yo echo "asosoakd"lkasdlkasd
bash-5.1$ 


CHLOE TESTS:

